VSS STACK FULL TEST - 12/04/2025 00:40:57
============================================================

[SERVICE] INSTALL WIZARD (3000)
----------------------------------------
[FAIL] Невозможно соединиться с удаленным сервером
[FAIL] Невозможно соединиться с удаленным сервером
[FAIL] Невозможно соединиться с удаленным сервером
[FAIL] Невозможно соединиться с удаленным сервером
[FAIL] Невозможно соединиться с удаленным сервером

[SERVICE] VSS DEMIURGE (8181)
----------------------------------------
[PASS] http://localhost:8181/ - 200

[SERVICE] ADMIN BACKEND (8084)
----------------------------------------
[FAIL] Сервер нарушил протокол. Section=ResponseStatusLine
[PASS] http://localhost:8084/api/docker/containers - 200
[FAIL] Сервер нарушил протокол. Section=ResponseStatusLine

============================================================
SUMMARY: Tests complete
